2026-05-05 13:44:59,467 - INFO - ===== RUN START =====
2026-05-05 13:44:59,468 - INFO - Device: cuda
2026-05-05 13:44:59,468 - INFO - CFG:
2026-05-05 13:44:59,468 - INFO - {
  "TRAIN_DIR": "D:/project/data/wm-811k/unknown",
  "UNKNOWN_DIR": "D:/project/data/wm-811k/unknown",
  "OVERLAY_DIR": "D:/project/data/wm-811k/unknown",
  "OUTPUT_DIR": "D:/project/unknown-contrastive/outputs_contrastive",
  "IMAGE_SIZE": 384,
  "BACKBONE_NAME": "convnextv2_base.fcmae_ft_in22k_in1k_384",
  "LOCAL_BACKBONE_WEIGHTS": "C:\\Users\\hgcho\\AppData\\Local\\Temp\\contrastive_init_best_model.pth",
  "PROJ_DIM": 128,
  "FREEZE_BACKBONE": true,
  "EPOCHS": 20,
  "WARMUP_EPOCHS": 1,
  "BATCH": 32,
  "LR_HEAD": 0.001,
  "WD": 1e-06,
  "TEMP": 0.07,
  "SEED": 42,
  "TRAIN_SAMPLING_RATIO": 0.25,
  "NUM_WORKERS": 0,
  "PIN_MEMORY": false,
  "PREFETCH_FACTOR": 4,
  "PERSISTENT": false,
  "DROP_LAST": false,
  "USE_QUEUE": true,
  "QUEUE_SIZE": 16384,
  "QUEUE_WEIGHT": 1.0,
  "IGNORE_NEG_SIM": 0.72,
  "USE_LOCAL": true,
  "LOCAL_WEIGHT": 0.5,
  "LOCAL_ANCHORS": "grid36_full",
  "LOCAL_SEARCH": "window",
  "LOCAL_WINDOW": 4,
  "LOCAL_POS_TOPK": 12,
  "LOCAL_POS_MIN_SIM": 0.7,
  "LOCAL_SUBBATCH": 32,
  "LOCAL_EVERY_N": 1,
  "HDBSCAN_METRIC": "euclidean",
  "MIN_CLUSTER_SIZE": 12,
  "MIN_SAMPLES": 1,
  "CLUSTER_SELECTION_METHOD": "leaf",
  "CLUSTER_SELECTION_EPSILON": 0.06,
  "ALLOW_SINGLE_CLUSTER": false,
  "EMBED_LOG_EVERY_BATCH": true,
  "EMBED_LOG_TICKS": 20
}
2026-05-05 13:44:59,506 - INFO - [TRAIN_DIR classes] ['BrokenRing', 'CenterDonut', 'Center_bank_boundary', 'Center_fork', 'Center_invalid_main', 'Center_scratch', 'Center_scratch_rot', 'CrescentArc', 'CrossScratch', 'DiagonalSmear', 'Donut_bank_boundary', 'Donut_fork', 'Donut_invalid_main', 'Donut_scratch', 'Donut_scratch_rot', 'Edge-Bottom_bank_boundary', 'Edge-Bottom_fork', 'Edge-Bottom_invalid_main', 'Edge-Bottom_scratch', 'Edge-Bottom_scratch_rot', 'Edge-Ring_bank_boundary', 'Edge-Ring_fork', 'Edge-Ring_invalid_main', 'Edge-Ring_scratch', 'Edge-Ring_scratch_rot', 'Edge-Top_bank_boundary', 'Edge-Top_fork', 'Edge-Top_invalid_main', 'Edge-Top_scratch', 'Edge-Top_scratch_rot', 'Full_bank_boundary', 'Full_fork', 'Full_invalid_main', 'Full_scratch', 'Full_scratch_rot', 'Normal_bank_boundary', 'ParallelScratches', 'RingDots', 'Row', 'Starburst', 'Thick-Edge_fork', 'Thick-Edge_invalid_main']
2026-05-05 13:44:59,506 - INFO - [UNKNOWN_DIR classes] ['BrokenRing', 'CenterDonut', 'Center_bank_boundary', 'Center_fork', 'Center_invalid_main', 'Center_scratch', 'Center_scratch_rot', 'CrescentArc', 'CrossScratch', 'DiagonalSmear', 'Donut_bank_boundary', 'Donut_fork', 'Donut_invalid_main', 'Donut_scratch', 'Donut_scratch_rot', 'Edge-Bottom_bank_boundary', 'Edge-Bottom_fork', 'Edge-Bottom_invalid_main', 'Edge-Bottom_scratch', 'Edge-Bottom_scratch_rot', 'Edge-Ring_bank_boundary', 'Edge-Ring_fork', 'Edge-Ring_invalid_main', 'Edge-Ring_scratch', 'Edge-Ring_scratch_rot', 'Edge-Top_bank_boundary', 'Edge-Top_fork', 'Edge-Top_invalid_main', 'Edge-Top_scratch', 'Edge-Top_scratch_rot', 'Full_bank_boundary', 'Full_fork', 'Full_invalid_main', 'Full_scratch', 'Full_scratch_rot', 'Normal_bank_boundary', 'ParallelScratches', 'RingDots', 'Row', 'Starburst', 'Thick-Edge_fork', 'Thick-Edge_invalid_main']
2026-05-05 13:44:59,513 - INFO - [Train from TRAIN_DIR] full_items=8775
2026-05-05 13:45:00,482 - INFO - [Overlay coverage] missing=0 / total=8775
2026-05-05 13:45:00,482 - INFO - [Eval set] unknown_only=8775
2026-05-05 13:45:01,828 - INFO - [학습 시작]
2026-05-05 13:45:01,828 - INFO - [LR warmup] epoch 1 lr=1.00e-03
2026-05-05 13:45:01,829 - INFO - [Train sampling@epoch1] ratio=0.25 -> 2193 items
2026-05-05 13:45:14,879 - INFO - [Train DataLoader warmup@epoch1] 13.1s (batches=69, imgs=2193)
2026-05-05 13:45:59,182 - INFO -   Epoch 1/20 |   4.3% (3/69) | G=1.0064 Q=0.0464 L=0.0644
2026-05-05 13:46:39,752 - INFO -   Epoch 1/20 |   8.7% (6/69) | G=0.9934 Q=0.0517 L=0.0689
2026-05-05 13:47:18,328 - INFO -   Epoch 1/20 |  13.0% (9/69) | G=1.0316 Q=0.0599 L=0.0697
2026-05-05 13:47:58,095 - INFO -   Epoch 1/20 |  17.4% (12/69) | G=1.0528 Q=0.0660 L=0.0708
2026-05-05 13:48:39,312 - INFO -   Epoch 1/20 |  21.7% (15/69) | G=1.0419 Q=0.0789 L=0.0690
2026-05-05 13:49:19,288 - INFO -   Epoch 1/20 |  26.1% (18/69) | G=1.0469 Q=0.0839 L=0.0690
2026-05-05 13:49:59,479 - INFO -   Epoch 1/20 |  30.4% (21/69) | G=1.0535 Q=0.0912 L=0.0686
2026-05-05 13:50:40,669 - INFO -   Epoch 1/20 |  34.8% (24/69) | G=1.0509 Q=0.0936 L=0.0684
2026-05-05 13:51:21,661 - INFO -   Epoch 1/20 |  39.1% (27/69) | G=1.0630 Q=0.1017 L=0.0684
2026-05-05 13:52:00,847 - INFO -   Epoch 1/20 |  43.5% (30/69) | G=1.0667 Q=0.1069 L=0.0682
2026-05-05 13:52:40,801 - INFO -   Epoch 1/20 |  47.8% (33/69) | G=1.0717 Q=0.1103 L=0.0679
2026-05-05 13:53:22,834 - INFO -   Epoch 1/20 |  52.2% (36/69) | G=1.0747 Q=0.1113 L=0.0679
2026-05-05 13:54:03,604 - INFO -   Epoch 1/20 |  56.5% (39/69) | G=1.0819 Q=0.1142 L=0.0672
2026-05-05 13:54:44,988 - INFO -   Epoch 1/20 |  60.9% (42/69) | G=1.0800 Q=0.1229 L=0.0673
2026-05-05 13:55:25,376 - INFO -   Epoch 1/20 |  65.2% (45/69) | G=1.0851 Q=0.1282 L=0.0681
2026-05-05 13:56:04,773 - INFO -   Epoch 1/20 |  69.6% (48/69) | G=1.0852 Q=0.1328 L=0.0680
2026-05-05 13:56:45,754 - INFO -   Epoch 1/20 |  73.9% (51/69) | G=1.0855 Q=0.1371 L=0.0682
2026-05-05 13:57:26,750 - INFO -   Epoch 1/20 |  78.3% (54/69) | G=1.0861 Q=0.1415 L=0.0683
2026-05-05 13:58:08,340 - INFO -   Epoch 1/20 |  82.6% (57/69) | G=1.0848 Q=0.1440 L=0.0683
