2026-05-05 14:31:06,357 - INFO - ===== RUN START =====
2026-05-05 14:31:06,358 - INFO - Device: cuda
2026-05-05 14:31:06,358 - INFO - CFG:
2026-05-05 14:31:06,358 - INFO - {
  "TRAIN_DIR": "D:/project/data/wm-811k/unknown",
  "UNKNOWN_DIR": "D:/project/data/wm-811k/unknown",
  "OVERLAY_DIR": "D:/project/data/wm-811k/unknown",
  "OUTPUT_DIR": "D:/project/unknown-contrastive/outputs_contrastive",
  "IMAGE_SIZE": 384,
  "BACKBONE_NAME": "convnextv2_base.fcmae_ft_in22k_in1k_384",
  "LOCAL_BACKBONE_WEIGHTS": "C:\\Users\\hgcho\\AppData\\Local\\Temp\\contrastive_init_best_model.pth",
  "PROJ_DIM": 128,
  "FREEZE_BACKBONE": true,
  "EPOCHS": 20,
  "WARMUP_EPOCHS": 1,
  "BATCH": 32,
  "LR_HEAD": 0.001,
  "WD": 1e-06,
  "TEMP": 0.07,
  "SEED": 42,
  "TRAIN_SAMPLING_RATIO": 0.25,
  "NUM_WORKERS": 0,
  "PIN_MEMORY": false,
  "PREFETCH_FACTOR": 4,
  "PERSISTENT": false,
  "DROP_LAST": false,
  "USE_QUEUE": true,
  "QUEUE_SIZE": 16384,
  "QUEUE_WEIGHT": 1.0,
  "IGNORE_NEG_SIM": 0.72,
  "USE_LOCAL": true,
  "LOCAL_WEIGHT": 0.5,
  "LOCAL_ANCHORS": "grid36_full",
  "LOCAL_SEARCH": "window",
  "LOCAL_WINDOW": 4,
  "LOCAL_POS_TOPK": 12,
  "LOCAL_POS_MIN_SIM": 0.7,
  "LOCAL_SUBBATCH": 32,
  "LOCAL_EVERY_N": 1,
  "HDBSCAN_METRIC": "euclidean",
  "MIN_CLUSTER_SIZE": 12,
  "MIN_SAMPLES": 1,
  "CLUSTER_SELECTION_METHOD": "leaf",
  "CLUSTER_SELECTION_EPSILON": 0.06,
  "ALLOW_SINGLE_CLUSTER": false,
  "EMBED_LOG_EVERY_BATCH": true,
  "EMBED_LOG_TICKS": 20
}
2026-05-05 14:31:06,412 - INFO - [TRAIN_DIR classes] ['BrokenRing', 'CenterCircle', 'CenterDonut', 'Center_bank_boundary', 'Center_fork', 'Center_invalid_main', 'Center_scratch', 'Center_scratch_rot', 'CrescentArc', 'CrossScratch', 'DiagonalSmear', 'Donut_bank_boundary', 'Donut_fork', 'Donut_invalid_main', 'Donut_scratch', 'Donut_scratch_rot', 'Edge-Bottom_bank_boundary', 'Edge-Bottom_fork', 'Edge-Bottom_invalid_main', 'Edge-Bottom_scratch', 'Edge-Bottom_scratch_rot', 'Edge-Ring_bank_boundary', 'Edge-Ring_fork', 'Edge-Ring_invalid_main', 'Edge-Ring_scratch', 'Edge-Ring_scratch_rot', 'Edge-Top_bank_boundary', 'Edge-Top_fork', 'Edge-Top_invalid_main', 'Edge-Top_scratch', 'Edge-Top_scratch_rot', 'Full_bank_boundary', 'Full_fork', 'Full_invalid_main', 'Full_scratch', 'Full_scratch_rot', 'Normal_bank_boundary', 'ParallelScratches', 'RingDots', 'Row', 'Starburst', 'Thick-Edge_fork', 'Thick-Edge_invalid_main']
2026-05-05 14:31:06,412 - INFO - [UNKNOWN_DIR classes] ['BrokenRing', 'CenterCircle', 'CenterDonut', 'Center_bank_boundary', 'Center_fork', 'Center_invalid_main', 'Center_scratch', 'Center_scratch_rot', 'CrescentArc', 'CrossScratch', 'DiagonalSmear', 'Donut_bank_boundary', 'Donut_fork', 'Donut_invalid_main', 'Donut_scratch', 'Donut_scratch_rot', 'Edge-Bottom_bank_boundary', 'Edge-Bottom_fork', 'Edge-Bottom_invalid_main', 'Edge-Bottom_scratch', 'Edge-Bottom_scratch_rot', 'Edge-Ring_bank_boundary', 'Edge-Ring_fork', 'Edge-Ring_invalid_main', 'Edge-Ring_scratch', 'Edge-Ring_scratch_rot', 'Edge-Top_bank_boundary', 'Edge-Top_fork', 'Edge-Top_invalid_main', 'Edge-Top_scratch', 'Edge-Top_scratch_rot', 'Full_bank_boundary', 'Full_fork', 'Full_invalid_main', 'Full_scratch', 'Full_scratch_rot', 'Normal_bank_boundary', 'ParallelScratches', 'RingDots', 'Row', 'Starburst', 'Thick-Edge_fork', 'Thick-Edge_invalid_main']
2026-05-05 14:31:06,424 - INFO - [Train from TRAIN_DIR] full_items=8668
2026-05-05 14:31:07,556 - INFO - [Overlay coverage] missing=0 / total=8668
2026-05-05 14:31:07,556 - INFO - [Eval set] unknown_only=8668
2026-05-05 14:31:09,141 - INFO - [학습 시작]
2026-05-05 14:31:09,142 - INFO - [LR warmup] epoch 1 lr=1.00e-03
2026-05-05 14:31:09,142 - INFO - [Train sampling@epoch1] ratio=0.25 -> 2167 items
2026-05-05 14:31:21,859 - INFO - [Train DataLoader warmup@epoch1] 12.7s (batches=68, imgs=2167)
2026-05-05 14:32:03,695 - INFO -   Epoch 1/20 |   4.4% (3/68) | G=0.9849 Q=0.0568 L=0.0717
2026-05-05 14:32:42,285 - INFO -   Epoch 1/20 |   8.8% (6/68) | G=1.0521 Q=0.0795 L=0.0700
2026-05-05 14:33:20,867 - INFO -   Epoch 1/20 |  13.2% (9/68) | G=1.0624 Q=0.0871 L=0.0703
2026-05-05 14:34:02,183 - INFO -   Epoch 1/20 |  17.6% (12/68) | G=1.0496 Q=0.0840 L=0.0699
2026-05-05 14:34:46,067 - INFO -   Epoch 1/20 |  22.1% (15/68) | G=1.0636 Q=0.0899 L=0.0695
2026-05-05 14:35:29,499 - INFO -   Epoch 1/20 |  26.5% (18/68) | G=1.0752 Q=0.1007 L=0.0700
2026-05-05 14:36:13,477 - INFO -   Epoch 1/20 |  30.9% (21/68) | G=1.0735 Q=0.0995 L=0.0698
2026-05-05 14:36:57,983 - INFO -   Epoch 1/20 |  35.3% (24/68) | G=1.0747 Q=0.1009 L=0.0697
2026-05-05 14:37:42,919 - INFO -   Epoch 1/20 |  39.7% (27/68) | G=1.0848 Q=0.1081 L=0.0698
2026-05-05 14:38:23,963 - INFO -   Epoch 1/20 |  44.1% (30/68) | G=1.0918 Q=0.1166 L=0.0698
2026-05-05 14:39:05,450 - INFO -   Epoch 1/20 |  48.5% (33/68) | G=1.0978 Q=0.1227 L=0.0696
2026-05-05 14:39:46,703 - INFO -   Epoch 1/20 |  52.9% (36/68) | G=1.0972 Q=0.1289 L=0.0696
2026-05-05 14:40:25,337 - INFO -   Epoch 1/20 |  57.4% (39/68) | G=1.0884 Q=0.1292 L=0.0687
2026-05-05 14:41:06,522 - INFO -   Epoch 1/20 |  61.8% (42/68) | G=1.0879 Q=0.1322 L=0.0685
2026-05-05 14:41:48,127 - INFO -   Epoch 1/20 |  66.2% (45/68) | G=1.0959 Q=0.1367 L=0.0686
2026-05-05 14:42:30,102 - INFO -   Epoch 1/20 |  70.6% (48/68) | G=1.0960 Q=0.1417 L=0.0686
2026-05-05 14:43:13,708 - INFO -   Epoch 1/20 |  75.0% (51/68) | G=1.0960 Q=0.1449 L=0.0683
2026-05-05 14:43:57,472 - INFO -   Epoch 1/20 |  79.4% (54/68) | G=1.0963 Q=0.1517 L=0.0683
2026-05-05 14:44:40,861 - INFO -   Epoch 1/20 |  83.8% (57/68) | G=1.0934 Q=0.1527 L=0.0686
2026-05-05 14:45:23,708 - INFO -   Epoch 1/20 |  88.2% (60/68) | G=1.0885 Q=0.1545 L=0.0685
2026-05-05 14:46:06,229 - INFO -   Epoch 1/20 |  92.6% (63/68) | G=1.0869 Q=0.1588 L=0.0684
